  Determining projects to restore...
  Restored z:\Workspace\My\GASFD\GASFarmDefense\CFXRDemo.csproj (in 72 ms).
  Restored z:\Workspace\My\GASFD\GASFarmDefense\Unity.2D.IK.Editor.csproj (in 111 ms).
  Restored z:\Workspace\My\GASFD\GASFarmDefense\Effekseer.URP.csproj (in 108 ms).
  Restored z:\Workspace\My\GASFD\GASFarmDefense\Effekseer.csproj (in 107 ms).
  Restored z:\Workspace\My\GASFD\GASFarmDefense\Assembly-CSharp.csproj (in 81 ms).
  Restored z:\Workspace\My\GASFD\GASFarmDefense\Effekseer.HDRP.csproj (in 107 ms).
  Restored z:\Workspace\My\GASFD\GASFarmDefense\KinoBloom.Runtime.csproj (in 70 ms).
  Restored Z:\Workspace\My\GASFD\GASFarmDefense\PsdPlugin.csproj (in 71 ms).
  Restored z:\Workspace\My\GASFD\GASFarmDefense\Assembly-CSharp-firstpass.csproj (in 81 ms).
  Restored Z:\Workspace\My\GASFD\GASFarmDefense\Unity.Toolchain.Win-x86_64-Linux-x86_64.csproj (in 72 ms).
  Restored Z:\Workspace\My\GASFD\GASFarmDefense\ToonyColorsPro.Demo.Editor.csproj (in 108 ms).
  Restored z:\Workspace\My\GASFD\GASFarmDefense\Unity.InputSystem.ForUI.csproj (in 70 ms).
  Restored Z:\Workspace\My\GASFD\GASFarmDefense\Unity.Searcher.Editor.csproj (in 8 ms).
  Restored z:\Workspace\My\GASFD\GASFarmDefense\Unity.Timeline.Editor.csproj (in 70 ms).
  Restored Z:\Workspace\My\GASFD\GASFarmDefense\Unity.2D.Common.Editor.csproj (in 2 ms).
  Restored z:\Workspace\My\GASFD\GASFarmDefense\Unity.2D.Animation.Editor.csproj (in 74 ms).
  Restored Z:\Workspace\My\GASFD\GASFarmDefense\Unity.InputSystem.csproj (in 11 ms).
  Restored z:\Workspace\My\GASFD\GASFarmDefense\Effekseer.PostProcessing.csproj (in 108 ms).
  Restored z:\Workspace\My\GASFD\GASFarmDefense\Unity.Timeline.csproj (in 1 ms).
  Restored z:\Workspace\My\GASFD\GASFarmDefense\Unity.SysrootPackage.Editor.csproj (in 1 ms).
  Restored z:\Workspace\My\GASFD\GASFarmDefense\EffekseerEditor.csproj (in 71 ms).
  Restored Z:\Workspace\My\GASFD\GASFarmDefense\Unity.2D.Tilemap.Extras.csproj (in 2 ms).
  Restored z:\Workspace\My\GASFD\GASFarmDefense\Unity.Sysroot.Linux_x86_64.csproj (in 3 ms).
  Restored z:\Workspace\My\GASFD\GASFarmDefense\Unity.2D.Tilemap.Extras.Editor.csproj (in 5 ms).
  Restored Z:\Workspace\My\GASFD\GASFarmDefense\Unity.2D.IK.Runtime.csproj (in 46 ms).
  Restored z:\Workspace\My\GASFD\GASFarmDefense\Unity.2D.Psdimporter.Editor.csproj (in 45 ms).
  Restored Z:\Workspace\My\GASFD\GASFarmDefense\Unity.2D.SpriteShape.Editor.csproj (in 46 ms).
  23 of 50 projects are up-to-date for restore.
  Unity.Timeline -> z:\Workspace\My\GASFD\GASFarmDefense\Temp\bin\Debug\Unity.Timeline.dll
  Unity.Rider.Editor -> z:\Workspace\My\GASFD\GASFarmDefense\Temp\bin\Debug\Unity.Rider.Editor.dll
  Unity.2D.Common.Path.Editor -> z:\Workspace\My\GASFD\GASFarmDefense\Temp\bin\Debug\Unity.2D.Common.Path.Editor.dll
  CFXRRuntime -> z:\Workspace\My\GASFD\GASFarmDefense\Temp\bin\Debug\CFXRRuntime.dll
  Unity.Burst -> Z:\Workspace\My\GASFD\GASFarmDefense\Temp\bin\Debug\Unity.Burst.dll
  Effekseer -> z:\Workspace\My\GASFD\GASFarmDefense\Temp\bin\Debug\Effekseer.dll
  Unity.InternalAPIEditorBridge.001 -> z:\Workspace\My\GASFD\GASFarmDefense\Temp\bin\Debug\Unity.InternalAPIEditorBridge.001.dll
  Unity.VisualStudio.Editor -> z:\Workspace\My\GASFD\GASFarmDefense\Temp\bin\Debug\Unity.VisualStudio.Editor.dll
  KinoBloom.Runtime -> z:\Workspace\My\GASFD\GASFarmDefense\Temp\bin\Debug\KinoBloom.Runtime.dll
  Unity.PlasticSCM.Editor -> z:\Workspace\My\GASFD\GASFarmDefense\Temp\bin\Debug\Unity.PlasticSCM.Editor.dll
z:\Workspace\My\GASFD\GASFarmDefense\Library\PackageCache\com.unity.searcher@1e17ce91558d\Editor\Searcher\SearcherControl.cs(73,17): warning CS0618: 'BaseVerticalCollectionView.onItemsChosen' is obsolete: 'onItemsChosen is deprecated, use itemsChosen instead' [z:\Workspace\My\GASFD\GASFarmDefense\Unity.Searcher.Editor.csproj]
z:\Workspace\My\GASFD\GASFarmDefense\Library\PackageCache\com.unity.searcher@1e17ce91558d\Editor\Searcher\SearcherControl.cs(74,17): warning CS0618: 'BaseVerticalCollectionView.onSelectionChange' is obsolete: 'onSelectionChange is deprecated, use selectionChanged instead' [z:\Workspace\My\GASFD\GASFarmDefense\Unity.Searcher.Editor.csproj]
z:\Workspace\My\GASFD\GASFarmDefense\Library\PackageCache\com.unity.searcher@1e17ce91558d\Editor\Searcher\SearcherControl.cs(694,17): warning CS0618: 'EventBase.PreventDefault()' is obsolete: 'Use StopPropagation and/or FocusController.IgnoreEvent. Before proceeding, make sure you understand the latest changes to UIToolkit event propagation rules by visiting Unity's manual page https://docs.unity3d.com/Manual/UIE-Events-Dispatching.html' [z:\Workspace\My\GASFD\GASFarmDefense\Unity.Searcher.Editor.csproj]
z:\Workspace\My\GASFD\GASFarmDefense\Library\PackageCache\com.unity.searcher@1e17ce91558d\Editor\Searcher\SearcherControl.cs(703,17): warning CS0618: 'EventBase.PreventDefault()' is obsolete: 'Use StopPropagation and/or FocusController.IgnoreEvent. Before proceeding, make sure you understand the latest changes to UIToolkit event propagation rules by visiting Unity's manual page https://docs.unity3d.com/Manual/UIE-Events-Dispatching.html' [z:\Workspace\My\GASFD\GASFarmDefense\Unity.Searcher.Editor.csproj]
  Unity.Searcher.Editor -> Z:\Workspace\My\GASFD\GASFarmDefense\Temp\bin\Debug\Unity.Searcher.Editor.dll
  Unity.2D.Tilemap.Extras -> z:\Workspace\My\GASFD\GASFarmDefense\Temp\bin\Debug\Unity.2D.Tilemap.Extras.dll
  Effekseer.HDRP -> z:\Workspace\My\GASFD\GASFarmDefense\Temp\bin\Debug\Effekseer.HDRP.dll
  Effekseer.URP -> z:\Workspace\My\GASFD\GASFarmDefense\Temp\bin\Debug\Effekseer.URP.dll
  Effekseer.PostProcessing -> Z:\Workspace\My\GASFD\GASFarmDefense\Temp\bin\Debug\Effekseer.PostProcessing.dll
  PsdPlugin -> Z:\Workspace\My\GASFD\GASFarmDefense\Temp\bin\Debug\PsdPlugin.dll
  Unity.2D.Tilemap.Extras.Editor -> z:\Workspace\My\GASFD\GASFarmDefense\Temp\bin\Debug\Unity.2D.Tilemap.Extras.Editor.dll
  Unity.Timeline.Editor -> Z:\Workspace\My\GASFD\GASFarmDefense\Temp\bin\Debug\Unity.Timeline.Editor.dll
  Unity.Mathematics -> Z:\Workspace\My\GASFD\GASFarmDefense\Temp\bin\Debug\Unity.Mathematics.dll
  Unity.2D.PixelPerfect -> z:\Workspace\My\GASFD\GASFarmDefense\Temp\bin\Debug\Unity.2D.PixelPerfect.dll
  CFXREditor -> Z:\Workspace\My\GASFD\GASFarmDefense\Temp\bin\Debug\CFXREditor.dll
  EffekseerEditor -> Z:\Workspace\My\GASFD\GASFarmDefense\Temp\bin\Debug\EffekseerEditor.dll
  Unity.SysrootPackage.Editor -> Z:\Workspace\My\GASFD\GASFarmDefense\Temp\bin\Debug\Unity.SysrootPackage.Editor.dll
  Unity.InternalAPIEngineBridge.001 -> Z:\Workspace\My\GASFD\GASFarmDefense\Temp\bin\Debug\Unity.InternalAPIEngineBridge.001.dll
  Unity.Mathematics.Editor -> Z:\Workspace\My\GASFD\GASFarmDefense\Temp\bin\Debug\Unity.Mathematics.Editor.dll
  Unity.2D.Common.Runtime -> Z:\Workspace\My\GASFD\GASFarmDefense\Temp\bin\Debug\Unity.2D.Common.Runtime.dll
  Unity.2D.PixelPerfect.Editor -> Z:\Workspace\My\GASFD\GASFarmDefense\Temp\bin\Debug\Unity.2D.PixelPerfect.Editor.dll
  Unity.InputSystem -> z:\Workspace\My\GASFD\GASFarmDefense\Temp\bin\Debug\Unity.InputSystem.dll
  Unity.2D.Aseprite.Common -> z:\Workspace\My\GASFD\GASFarmDefense\Temp\bin\Debug\Unity.2D.Aseprite.Common.dll
  Unity.Collections -> z:\Workspace\My\GASFD\GASFarmDefense\Temp\bin\Debug\Unity.Collections.dll
  ToonyColorsPro.Demo.Editor -> Z:\Workspace\My\GASFD\GASFarmDefense\Temp\bin\Debug\ToonyColorsPro.Demo.Editor.dll
  Unity.2D.Common.Editor -> Z:\Workspace\My\GASFD\GASFarmDefense\Temp\bin\Debug\Unity.2D.Common.Editor.dll
  Unity.Sysroot.Linux_x86_64 -> z:\Workspace\My\GASFD\GASFarmDefense\Temp\bin\Debug\Unity.Sysroot.Linux_x86_64.dll
  Unity.InputSystem.ForUI -> z:\Workspace\My\GASFD\GASFarmDefense\Temp\bin\Debug\Unity.InputSystem.ForUI.dll
  Unity.2D.Animation.Runtime -> Z:\Workspace\My\GASFD\GASFarmDefense\Temp\bin\Debug\Unity.2D.Animation.Runtime.dll
  Unity.2D.SpriteShape.Runtime -> z:\Workspace\My\GASFD\GASFarmDefense\Temp\bin\Debug\Unity.2D.SpriteShape.Runtime.dll
  Unity.Collections.Editor -> z:\Workspace\My\GASFD\GASFarmDefense\Temp\bin\Debug\Unity.Collections.Editor.dll
  VContainer -> Z:\Workspace\My\GASFD\GASFarmDefense\Temp\bin\Debug\VContainer.dll
  Unity.Burst.Editor -> z:\Workspace\My\GASFD\GASFarmDefense\Temp\bin\Debug\Unity.Burst.Editor.dll
  Unity.Toolchain.Win-x86_64-Linux-x86_64 -> z:\Workspace\My\GASFD\GASFarmDefense\Temp\bin\Debug\Unity.Toolchain.Win-x86_64-Linux-x86_64.dll
  CFXRDemo -> Z:\Workspace\My\GASFD\GASFarmDefense\Temp\bin\Debug\CFXRDemo.dll
  Unity.2D.IK.Runtime -> z:\Workspace\My\GASFD\GASFarmDefense\Temp\bin\Debug\Unity.2D.IK.Runtime.dll
z:\Workspace\My\GASFD\GASFarmDefense\Library\PackageCache\jp.hadashikick.vcontainer@0cb993cc4615\Editor\Diagnostics\VContainerDiagnosticsWindow.cs(18,30): warning CS0649: Field 'VContainerDiagnosticsWindow.EnableCaptureStackTrace' is never assigned to, and will always have its default value false [z:\Workspace\My\GASFD\GASFarmDefense\VContainer.Editor.csproj]
z:\Workspace\My\GASFD\GASFarmDefense\Library\PackageCache\jp.hadashikick.vcontainer@0cb993cc4615\Editor\Diagnostics\VContainerDiagnosticsWindow.cs(17,30): warning CS0649: Field 'VContainerDiagnosticsWindow.EnableAutoReload' is never assigned to, and will always have its default value false [z:\Workspace\My\GASFD\GASFarmDefense\VContainer.Editor.csproj]
  VContainer.Editor -> z:\Workspace\My\GASFD\GASFarmDefense\Temp\bin\Debug\VContainer.Editor.dll
  Unity.2D.Aseprite.Editor -> Z:\Workspace\My\GASFD\GASFarmDefense\Temp\bin\Debug\Unity.2D.Aseprite.Editor.dll
  Unity.2D.SpriteShape.Editor -> Z:\Workspace\My\GASFD\GASFarmDefense\Temp\bin\Debug\Unity.2D.SpriteShape.Editor.dll
  Unity.2D.Animation.Editor -> z:\Workspace\My\GASFD\GASFarmDefense\Temp\bin\Debug\Unity.2D.Animation.Editor.dll
  Unity.2D.IK.Editor -> Z:\Workspace\My\GASFD\GASFarmDefense\Temp\bin\Debug\Unity.2D.IK.Editor.dll
z:\Workspace\My\GASFD\GASFarmDefense\Library\PackageCache\com.unity.2d.psdimporter@0adcab25a8fd\Editor\UTK\ImportColumn.cs(239,35): warning CS0649: Field 'UILayerImportColumn.m_ImportColumnFields' is never assigned to, and will always have its default value null [z:\Workspace\My\GASFD\GASFarmDefense\Unity.2D.Psdimporter.Editor.csproj]
z:\Workspace\My\GASFD\GASFarmDefense\Library\PackageCache\com.unity.2d.psdimporter@0adcab25a8fd\Editor\UTK\ImportColumn.cs(238,35): warning CS0649: Field 'UILayerImportColumn.m_ImportColumnFieldsSP' is never assigned to, and will always have its default value null [z:\Workspace\My\GASFD\GASFarmDefense\Unity.2D.Psdimporter.Editor.csproj]
  Unity.2D.Psdimporter.Editor -> z:\Workspace\My\GASFD\GASFarmDefense\Temp\bin\Debug\Unity.2D.Psdimporter.Editor.dll
  Assembly-CSharp-firstpass -> Z:\Workspace\My\GASFD\GASFarmDefense\Temp\bin\Debug\Assembly-CSharp-firstpass.dll
z:\Workspace\My\GASFD\GASFarmDefense\Assets\_Master\TranHuongDao\Core\Tower\Tower.cs(86,13): error CS0246: The type or namespace name 'TagVFXConfig' could not be found (are you missing a using directive or an assembly reference?) [z:\Workspace\My\GASFD\GASFarmDefense\Assembly-CSharp.csproj]
z:\Workspace\My\GASFD\GASFarmDefense\Assets\_Master\TranHuongDao\Core\Tower\Tower.cs(45,40): error CS0234: The type or namespace name 'VFX' does not exist in the namespace 'Abel.TranHuongDao.Core' (are you missing an assembly reference?) [z:\Workspace\My\GASFD\GASFarmDefense\Assembly-CSharp.csproj]

Build FAILED.

z:\Workspace\My\GASFD\GASFarmDefense\Library\PackageCache\com.unity.searcher@1e17ce91558d\Editor\Searcher\SearcherControl.cs(73,17): warning CS0618: 'BaseVerticalCollectionView.onItemsChosen' is obsolete: 'onItemsChosen is deprecated, use itemsChosen instead' [z:\Workspace\My\GASFD\GASFarmDefense\Unity.Searcher.Editor.csproj]
z:\Workspace\My\GASFD\GASFarmDefense\Library\PackageCache\com.unity.searcher@1e17ce91558d\Editor\Searcher\SearcherControl.cs(74,17): warning CS0618: 'BaseVerticalCollectionView.onSelectionChange' is obsolete: 'onSelectionChange is deprecated, use selectionChanged instead' [z:\Workspace\My\GASFD\GASFarmDefense\Unity.Searcher.Editor.csproj]
z:\Workspace\My\GASFD\GASFarmDefense\Library\PackageCache\com.unity.searcher@1e17ce91558d\Editor\Searcher\SearcherControl.cs(694,17): warning CS0618: 'EventBase.PreventDefault()' is obsolete: 'Use StopPropagation and/or FocusController.IgnoreEvent. Before proceeding, make sure you understand the latest changes to UIToolkit event propagation rules by visiting Unity's manual page https://docs.unity3d.com/Manual/UIE-Events-Dispatching.html' [z:\Workspace\My\GASFD\GASFarmDefense\Unity.Searcher.Editor.csproj]
z:\Workspace\My\GASFD\GASFarmDefense\Library\PackageCache\com.unity.searcher@1e17ce91558d\Editor\Searcher\SearcherControl.cs(703,17): warning CS0618: 'EventBase.PreventDefault()' is obsolete: 'Use StopPropagation and/or FocusController.IgnoreEvent. Before proceeding, make sure you understand the latest changes to UIToolkit event propagation rules by visiting Unity's manual page https://docs.unity3d.com/Manual/UIE-Events-Dispatching.html' [z:\Workspace\My\GASFD\GASFarmDefense\Unity.Searcher.Editor.csproj]
z:\Workspace\My\GASFD\GASFarmDefense\Library\PackageCache\jp.hadashikick.vcontainer@0cb993cc4615\Editor\Diagnostics\VContainerDiagnosticsWindow.cs(18,30): warning CS0649: Field 'VContainerDiagnosticsWindow.EnableCaptureStackTrace' is never assigned to, and will always have its default value false [z:\Workspace\My\GASFD\GASFarmDefense\VContainer.Editor.csproj]
z:\Workspace\My\GASFD\GASFarmDefense\Library\PackageCache\jp.hadashikick.vcontainer@0cb993cc4615\Editor\Diagnostics\VContainerDiagnosticsWindow.cs(17,30): warning CS0649: Field 'VContainerDiagnosticsWindow.EnableAutoReload' is never assigned to, and will always have its default value false [z:\Workspace\My\GASFD\GASFarmDefense\VContainer.Editor.csproj]
z:\Workspace\My\GASFD\GASFarmDefense\Library\PackageCache\com.unity.2d.psdimporter@0adcab25a8fd\Editor\UTK\ImportColumn.cs(239,35): warning CS0649: Field 'UILayerImportColumn.m_ImportColumnFields' is never assigned to, and will always have its default value null [z:\Workspace\My\GASFD\GASFarmDefense\Unity.2D.Psdimporter.Editor.csproj]
z:\Workspace\My\GASFD\GASFarmDefense\Library\PackageCache\com.unity.2d.psdimporter@0adcab25a8fd\Editor\UTK\ImportColumn.cs(238,35): warning CS0649: Field 'UILayerImportColumn.m_ImportColumnFieldsSP' is never assigned to, and will always have its default value null [z:\Workspace\My\GASFD\GASFarmDefense\Unity.2D.Psdimporter.Editor.csproj]
z:\Workspace\My\GASFD\GASFarmDefense\Assets\_Master\TranHuongDao\Core\Tower\Tower.cs(86,13): error CS0246: The type or namespace name 'TagVFXConfig' could not be found (are you missing a using directive or an assembly reference?) [z:\Workspace\My\GASFD\GASFarmDefense\Assembly-CSharp.csproj]
z:\Workspace\My\GASFD\GASFarmDefense\Assets\_Master\TranHuongDao\Core\Tower\Tower.cs(45,40): error CS0234: The type or namespace name 'VFX' does not exist in the namespace 'Abel.TranHuongDao.Core' (are you missing an assembly reference?) [z:\Workspace\My\GASFD\GASFarmDefense\Assembly-CSharp.csproj]
    8 Warning(s)
    2 Error(s)

Time Elapsed 00:00:11.51
